2025-07-26 14:17:51,941 DEBUG: routes\transactions.py:52 in list_transactions: 'id': t.id, [in C:\Users\mabdelghafar\source\repos\PersonalBanking\backend\app\utils\line_logger.py:18]
2025-07-26 14:17:51,956 DEBUG: routes\transactions.py:53 in list_transactions: 'transaction_date': t.transaction_date.isoformat(), [in C:\Users\mabdelghafar\source\repos\PersonalBanking\backend\app\utils\line_logger.py:18]
2025-07-26 14:17:51,957 DEBUG: routes\transactions.py:54 in list_transactions: 'posting_date': t.posting_date.isoformat() if t.posting_date else None, [in C:\Users\mabdelghafar\source\repos\PersonalBanking\backend\app\utils\line_logger.py:18]
2025-07-26 14:17:51,958 DEBUG: routes\transactions.py:55 in list_transactions: 'description': t.description, [in C:\Users\mabdelghafar\source\repos\PersonalBanking\backend\app\utils\line_logger.py:18]
2025-07-26 14:17:51,960 DEBUG: routes\transactions.py:56 in list_transactions: 'original_amount': float(t.original_amount) if t.original_amount is not None else None, [in C:\Users\mabdelghafar\source\repos\PersonalBanking\backend\app\utils\line_logger.py:18]
2025-07-26 14:17:51,961 DEBUG: routes\transactions.py:57 in list_transactions: 'vat': float(t.vat) if t.vat is not None else None, [in C:\Users\mabdelghafar\source\repos\PersonalBanking\backend\app\utils\line_logger.py:18]
2025-07-26 14:17:51,962 DEBUG: routes\transactions.py:58 in list_transactions: 'total_amount': float(t.total_amount) if t.total_amount is not None else None, [in C:\Users\mabdelghafar\source\repos\PersonalBanking\backend\app\utils\line_logger.py:18]
2025-07-26 14:17:51,963 DEBUG: routes\transactions.py:59 in list_transactions: 'card_number': t.card_number, [in C:\Users\mabdelghafar\source\repos\PersonalBanking\backend\app\utils\line_logger.py:18]
2025-07-26 14:17:51,963 DEBUG: routes\transactions.py:60 in list_transactions: 'currency': t.currency, [in C:\Users\mabdelghafar\source\repos\PersonalBanking\backend\app\utils\line_logger.py:18]
2025-07-26 14:17:51,964 DEBUG: routes\transactions.py:61 in list_transactions: 'is_credit': t.is_credit, [in C:\Users\mabdelghafar\source\repos\PersonalBanking\backend\app\utils\line_logger.py:18]
2025-07-26 14:17:51,964 DEBUG: routes\transactions.py:62 in list_transactions: 'cardholder_id': t.cardholder_id, [in C:\Users\mabdelghafar\source\repos\PersonalBanking\backend\app\utils\line_logger.py:18]
2025-07-26 14:17:51,964 DEBUG: routes\transactions.py:63 in list_transactions: 'cardholder_name': t.cardholder_name, [in C:\Users\mabdelghafar\source\repos\PersonalBanking\backend\app\utils\line_logger.py:18]
2025-07-26 14:17:51,965 DEBUG: routes\transactions.py:64 in list_transactions: 'card_number': t.card_number, [in C:\Users\mabdelghafar\source\repos\PersonalBanking\backend\app\utils\line_logger.py:18]
2025-07-26 14:17:51,965 DEBUG: routes\transactions.py:51 in list_transactions: { [in C:\Users\mabdelghafar\source\repos\PersonalBanking\backend\app\utils\line_logger.py:18]
2025-07-26 14:17:51,966 DEBUG: routes\transactions.py:66 in list_transactions: for t in transactions [in C:\Users\mabdelghafar\source\repos\PersonalBanking\backend\app\utils\line_logger.py:18]
2025-07-26 14:17:51,966 DEBUG: routes\transactions.py:52 in list_transactions: 'id': t.id, [in C:\Users\mabdelghafar\source\repos\PersonalBanking\backend\app\utils\line_logger.py:18]
2025-07-26 14:17:51,966 DEBUG: routes\transactions.py:53 in list_transactions: 'transaction_date': t.transaction_date.isoformat(), [in C:\Users\mabdelghafar\source\repos\PersonalBanking\backend\app\utils\line_logger.py:18]
2025-07-26 14:17:51,967 DEBUG: routes\transactions.py:54 in list_transactions: 'posting_date': t.posting_date.isoformat() if t.posting_date else None, [in C:\Users\mabdelghafar\source\repos\PersonalBanking\backend\app\utils\line_logger.py:18]
2025-07-26 14:17:51,967 DEBUG: routes\transactions.py:55 in list_transactions: 'description': t.description, [in C:\Users\mabdelghafar\source\repos\PersonalBanking\backend\app\utils\line_logger.py:18]
2025-07-26 14:17:51,967 DEBUG: routes\transactions.py:56 in list_transactions: 'original_amount': float(t.original_amount) if t.original_amount is not None else None, [in C:\Users\mabdelghafar\source\repos\PersonalBanking\backend\app\utils\line_logger.py:18]
2025-07-26 14:17:51,968 DEBUG: routes\transactions.py:57 in list_transactions: 'vat': float(t.vat) if t.vat is not None else None, [in C:\Users\mabdelghafar\source\repos\PersonalBanking\backend\app\utils\line_logger.py:18]
2025-07-26 14:17:51,968 DEBUG: routes\transactions.py:58 in list_transactions: 'total_amount': float(t.total_amount) if t.total_amount is not None else None, [in C:\Users\mabdelghafar\source\repos\PersonalBanking\backend\app\utils\line_logger.py:18]
2025-07-26 14:17:51,969 DEBUG: routes\transactions.py:59 in list_transactions: 'card_number': t.card_number, [in C:\Users\mabdelghafar\source\repos\PersonalBanking\backend\app\utils\line_logger.py:18]
2025-07-26 14:17:51,969 DEBUG: routes\transactions.py:60 in list_transactions: 'currency': t.currency, [in C:\Users\mabdelghafar\source\repos\PersonalBanking\backend\app\utils\line_logger.py:18]
2025-07-26 14:17:51,970 DEBUG: routes\transactions.py:61 in list_transactions: 'is_credit': t.is_credit, [in C:\Users\mabdelghafar\source\repos\PersonalBanking\backend\app\utils\line_logger.py:18]
2025-07-26 14:17:51,970 DEBUG: routes\transactions.py:62 in list_transactions: 'cardholder_id': t.cardholder_id, [in C:\Users\mabdelghafar\source\repos\PersonalBanking\backend\app\utils\line_logger.py:18]
2025-07-26 14:17:51,970 DEBUG: routes\transactions.py:63 in list_transactions: 'cardholder_name': t.cardholder_name, [in C:\Users\mabdelghafar\source\repos\PersonalBanking\backend\app\utils\line_logger.py:18]
2025-07-26 14:17:51,971 DEBUG: routes\transactions.py:64 in list_transactions: 'card_number': t.card_number, [in C:\Users\mabdelghafar\source\repos\PersonalBanking\backend\app\utils\line_logger.py:18]
2025-07-26 14:17:51,971 DEBUG: routes\transactions.py:51 in list_transactions: { [in C:\Users\mabdelghafar\source\repos\PersonalBanking\backend\app\utils\line_logger.py:18]
2025-07-26 14:17:51,972 DEBUG: routes\transactions.py:66 in list_transactions: for t in transactions [in C:\Users\mabdelghafar\source\repos\PersonalBanking\backend\app\utils\line_logger.py:18]
2025-07-26 14:17:51,972 DEBUG: routes\transactions.py:50 in list_transactions: data = [ [in C:\Users\mabdelghafar\source\repos\PersonalBanking\backend\app\utils\line_logger.py:18]
2025-07-26 14:17:51,972 DEBUG: routes\transactions.py:68 in list_transactions: current_app.logger.info('Returning %d transactions', len(data)) [in C:\Users\mabdelghafar\source\repos\PersonalBanking\backend\app\utils\line_logger.py:18]
2025-07-26 14:17:51,973 INFO: Returning 3 transactions [in C:\Users\mabdelghafar\source\repos\PersonalBanking\backend\app\routes\transactions.py:68]
2025-07-26 14:17:51,973 DEBUG: routes\transactions.py:69 in list_transactions: return jsonify(data) [in C:\Users\mabdelghafar\source\repos\PersonalBanking\backend\app\utils\line_logger.py:18]
2025-07-26 14:17:51,975 INFO: 127.0.0.1 - - [26/Jul/2025 14:17:51] "GET /transactions HTTP/1.1" 200 - [in c:\Users\mabdelghafar\source\repos\PersonalBanking\.venv\Lib\site-packages\werkzeug\_internal.py:97]
2025-07-26 14:17:52,119 DEBUG: routes\transactions.py:19 in list_transactions: current_app.logger.debug('Listing transactions with args %s', request.args) [in C:\Users\mabdelghafar\source\repos\PersonalBanking\backend\app\utils\line_logger.py:18]
2025-07-26 14:17:52,120 DEBUG: Listing transactions with args ImmutableMultiDict([]) [in C:\Users\mabdelghafar\source\repos\PersonalBanking\backend\app\routes\transactions.py:19]
2025-07-26 14:17:52,121 DEBUG: routes\transactions.py:20 in list_transactions: query = Transaction.query [in C:\Users\mabdelghafar\source\repos\PersonalBanking\backend\app\utils\line_logger.py:18]
2025-07-26 14:17:52,122 DEBUG: routes\transactions.py:22 in list_transactions: amount = request.args.get('amount', type=float) [in C:\Users\mabdelghafar\source\repos\PersonalBanking\backend\app\utils\line_logger.py:18]
2025-07-26 14:17:52,123 DEBUG: routes\transactions.py:23 in list_transactions: tag = request.args.get('tag', type=int) [in C:\Users\mabdelghafar\source\repos\PersonalBanking\backend\app\utils\line_logger.py:18]
2025-07-26 14:17:52,124 DEBUG: routes\transactions.py:24 in list_transactions: cardholder = request.args.get('cardholder', type=int) [in C:\Users\mabdelghafar\source\repos\PersonalBanking\backend\app\utils\line_logger.py:18]
2025-07-26 14:17:52,124 DEBUG: routes\transactions.py:25 in list_transactions: desc = request.args.get('desc') [in C:\Users\mabdelghafar\source\repos\PersonalBanking\backend\app\utils\line_logger.py:18]
2025-07-26 14:17:52,126 DEBUG: routes\transactions.py:26 in list_transactions: start = request.args.get('start') [in C:\Users\mabdelghafar\source\repos\PersonalBanking\backend\app\utils\line_logger.py:18]
2025-07-26 14:17:52,127 DEBUG: routes\transactions.py:27 in list_transactions: end = request.args.get('end') [in C:\Users\mabdelghafar\source\repos\PersonalBanking\backend\app\utils\line_logger.py:18]
2025-07-26 14:17:52,128 DEBUG: routes\transactions.py:29 in list_transactions: if amount is not None: [in C:\Users\mabdelghafar\source\repos\PersonalBanking\backend\app\utils\line_logger.py:18]
2025-07-26 14:17:52,129 DEBUG: routes\transactions.py:32 in list_transactions: if cardholder: [in C:\Users\mabdelghafar\source\repos\PersonalBanking\backend\app\utils\line_logger.py:18]
2025-07-26 14:17:52,130 DEBUG: routes\transactions.py:35 in list_transactions: if desc: [in C:\Users\mabdelghafar\source\repos\PersonalBanking\backend\app\utils\line_logger.py:18]
2025-07-26 14:17:52,130 DEBUG: routes\transactions.py:38 in list_transactions: if start: [in C:\Users\mabdelghafar\source\repos\PersonalBanking\backend\app\utils\line_logger.py:18]
2025-07-26 14:17:52,131 DEBUG: routes\transactions.py:41 in list_transactions: if end: [in C:\Users\mabdelghafar\source\repos\PersonalBanking\backend\app\utils\line_logger.py:18]
2025-07-26 14:17:52,132 DEBUG: routes\transactions.py:44 in list_transactions: if tag: [in C:\Users\mabdelghafar\source\repos\PersonalBanking\backend\app\utils\line_logger.py:18]
2025-07-26 14:17:52,132 DEBUG: routes\transactions.py:47 in list_transactions: transactions = query.all() [in C:\Users\mabdelghafar\source\repos\PersonalBanking\backend\app\utils\line_logger.py:18]
2025-07-26 14:17:52,135 DEBUG: routes\transactions.py:48 in list_transactions: current_app.logger.debug('Fetched %d transactions', len(transactions)) [in C:\Users\mabdelghafar\source\repos\PersonalBanking\backend\app\utils\line_logger.py:18]
2025-07-26 14:17:52,136 DEBUG: Fetched 3 transactions [in C:\Users\mabdelghafar\source\repos\PersonalBanking\backend\app\routes\transactions.py:48]
2025-07-26 14:17:52,137 DEBUG: routes\transactions.py:66 in list_transactions: for t in transactions [in C:\Users\mabdelghafar\source\repos\PersonalBanking\backend\app\utils\line_logger.py:18]
2025-07-26 14:17:52,138 DEBUG: routes\transactions.py:50 in list_transactions: data = [ [in C:\Users\mabdelghafar\source\repos\PersonalBanking\backend\app\utils\line_logger.py:18]
2025-07-26 14:17:52,138 DEBUG: routes\transactions.py:66 in list_transactions: for t in transactions [in C:\Users\mabdelghafar\source\repos\PersonalBanking\backend\app\utils\line_logger.py:18]
2025-07-26 14:17:52,139 DEBUG: routes\transactions.py:52 in list_transactions: 'id': t.id, [in C:\Users\mabdelghafar\source\repos\PersonalBanking\backend\app\utils\line_logger.py:18]
2025-07-26 14:17:52,139 DEBUG: routes\transactions.py:53 in list_transactions: 'transaction_date': t.transaction_date.isoformat(), [in C:\Users\mabdelghafar\source\repos\PersonalBanking\backend\app\utils\line_logger.py:18]
2025-07-26 14:17:52,140 DEBUG: routes\transactions.py:54 in list_transactions: 'posting_date': t.posting_date.isoformat() if t.posting_date else None, [in C:\Users\mabdelghafar\source\repos\PersonalBanking\backend\app\utils\line_logger.py:18]
2025-07-26 14:17:52,140 DEBUG: routes\transactions.py:55 in list_transactions: 'description': t.description, [in C:\Users\mabdelghafar\source\repos\PersonalBanking\backend\app\utils\line_logger.py:18]
2025-07-26 14:17:52,141 DEBUG: routes\transactions.py:56 in list_transactions: 'original_amount': float(t.original_amount) if t.original_amount is not None else None, [in C:\Users\mabdelghafar\source\repos\PersonalBanking\backend\app\utils\line_logger.py:18]
2025-07-26 14:17:52,142 DEBUG: routes\transactions.py:57 in list_transactions: 'vat': float(t.vat) if t.vat is not None else None, [in C:\Users\mabdelghafar\source\repos\PersonalBanking\backend\app\utils\line_logger.py:18]
2025-07-26 14:17:52,143 DEBUG: routes\transactions.py:58 in list_transactions: 'total_amount': float(t.total_amount) if t.total_amount is not None else None, [in C:\Users\mabdelghafar\source\repos\PersonalBanking\backend\app\utils\line_logger.py:18]
2025-07-26 14:17:52,143 DEBUG: routes\transactions.py:59 in list_transactions: 'card_number': t.card_number, [in C:\Users\mabdelghafar\source\repos\PersonalBanking\backend\app\utils\line_logger.py:18]
2025-07-26 14:17:52,144 DEBUG: routes\transactions.py:60 in list_transactions: 'currency': t.currency, [in C:\Users\mabdelghafar\source\repos\PersonalBanking\backend\app\utils\line_logger.py:18]
2025-07-26 14:17:52,144 DEBUG: routes\transactions.py:61 in list_transactions: 'is_credit': t.is_credit, [in C:\Users\mabdelghafar\source\repos\PersonalBanking\backend\app\utils\line_logger.py:18]
2025-07-26 14:17:52,145 DEBUG: routes\transactions.py:62 in list_transactions: 'cardholder_id': t.cardholder_id, [in C:\Users\mabdelghafar\source\repos\PersonalBanking\backend\app\utils\line_logger.py:18]
2025-07-26 14:17:52,145 DEBUG: routes\transactions.py:63 in list_transactions: 'cardholder_name': t.cardholder_name, [in C:\Users\mabdelghafar\source\repos\PersonalBanking\backend\app\utils\line_logger.py:18]
2025-07-26 14:17:52,145 DEBUG: routes\transactions.py:64 in list_transactions: 'card_number': t.card_number, [in C:\Users\mabdelghafar\source\repos\PersonalBanking\backend\app\utils\line_logger.py:18]
2025-07-26 14:17:52,146 DEBUG: routes\transactions.py:51 in list_transactions: { [in C:\Users\mabdelghafar\source\repos\PersonalBanking\backend\app\utils\line_logger.py:18]
2025-07-26 14:17:52,146 DEBUG: routes\transactions.py:66 in list_transactions: for t in transactions [in C:\Users\mabdelghafar\source\repos\PersonalBanking\backend\app\utils\line_logger.py:18]
2025-07-26 14:17:52,147 DEBUG: routes\transactions.py:52 in list_transactions: 'id': t.id, [in C:\Users\mabdelghafar\source\repos\PersonalBanking\backend\app\utils\line_logger.py:18]
2025-07-26 14:17:52,147 DEBUG: routes\transactions.py:53 in list_transactions: 'transaction_date': t.transaction_date.isoformat(), [in C:\Users\mabdelghafar\source\repos\PersonalBanking\backend\app\utils\line_logger.py:18]
2025-07-26 14:17:52,148 DEBUG: routes\transactions.py:54 in list_transactions: 'posting_date': t.posting_date.isoformat() if t.posting_date else None, [in C:\Users\mabdelghafar\source\repos\PersonalBanking\backend\app\utils\line_logger.py:18]
2025-07-26 14:17:52,148 DEBUG: routes\transactions.py:55 in list_transactions: 'description': t.description, [in C:\Users\mabdelghafar\source\repos\PersonalBanking\backend\app\utils\line_logger.py:18]
2025-07-26 14:17:52,148 DEBUG: routes\transactions.py:56 in list_transactions: 'original_amount': float(t.original_amount) if t.original_amount is not None else None, [in C:\Users\mabdelghafar\source\repos\PersonalBanking\backend\app\utils\line_logger.py:18]
2025-07-26 14:17:52,148 DEBUG: routes\transactions.py:57 in list_transactions: 'vat': float(t.vat) if t.vat is not None else None, [in C:\Users\mabdelghafar\source\repos\PersonalBanking\backend\app\utils\line_logger.py:18]
2025-07-26 14:17:52,149 DEBUG: routes\transactions.py:58 in list_transactions: 'total_amount': float(t.total_amount) if t.total_amount is not None else None, [in C:\Users\mabdelghafar\source\repos\PersonalBanking\backend\app\utils\line_logger.py:18]
2025-07-26 14:17:52,149 DEBUG: routes\transactions.py:59 in list_transactions: 'card_number': t.card_number, [in C:\Users\mabdelghafar\source\repos\PersonalBanking\backend\app\utils\line_logger.py:18]
2025-07-26 14:17:52,149 DEBUG: routes\transactions.py:60 in list_transactions: 'currency': t.currency, [in C:\Users\mabdelghafar\source\repos\PersonalBanking\backend\app\utils\line_logger.py:18]
2025-07-26 14:17:52,150 DEBUG: routes\transactions.py:61 in list_transactions: 'is_credit': t.is_credit, [in C:\Users\mabdelghafar\source\repos\PersonalBanking\backend\app\utils\line_logger.py:18]
2025-07-26 14:17:52,150 DEBUG: routes\transactions.py:62 in list_transactions: 'cardholder_id': t.cardholder_id, [in C:\Users\mabdelghafar\source\repos\PersonalBanking\backend\app\utils\line_logger.py:18]
2025-07-26 14:17:52,150 DEBUG: routes\transactions.py:63 in list_transactions: 'cardholder_name': t.cardholder_name, [in C:\Users\mabdelghafar\source\repos\PersonalBanking\backend\app\utils\line_logger.py:18]
2025-07-26 14:17:52,150 DEBUG: routes\transactions.py:64 in list_transactions: 'card_number': t.card_number, [in C:\Users\mabdelghafar\source\repos\PersonalBanking\backend\app\utils\line_logger.py:18]
2025-07-26 14:17:52,150 DEBUG: routes\transactions.py:51 in list_transactions: { [in C:\Users\mabdelghafar\source\repos\PersonalBanking\backend\app\utils\line_logger.py:18]
2025-07-26 14:17:52,151 DEBUG: routes\transactions.py:66 in list_transactions: for t in transactions [in C:\Users\mabdelghafar\source\repos\PersonalBanking\backend\app\utils\line_logger.py:18]
2025-07-26 14:17:52,151 DEBUG: routes\transactions.py:52 in list_transactions: 'id': t.id, [in C:\Users\mabdelghafar\source\repos\PersonalBanking\backend\app\utils\line_logger.py:18]
2025-07-26 14:17:52,151 DEBUG: routes\transactions.py:53 in list_transactions: 'transaction_date': t.transaction_date.isoformat(), [in C:\Users\mabdelghafar\source\repos\PersonalBanking\backend\app\utils\line_logger.py:18]
2025-07-26 14:17:52,151 DEBUG: routes\transactions.py:54 in list_transactions: 'posting_date': t.posting_date.isoformat() if t.posting_date else None, [in C:\Users\mabdelghafar\source\repos\PersonalBanking\backend\app\utils\line_logger.py:18]
2025-07-26 14:17:52,151 DEBUG: routes\transactions.py:55 in list_transactions: 'description': t.description, [in C:\Users\mabdelghafar\source\repos\PersonalBanking\backend\app\utils\line_logger.py:18]
2025-07-26 14:17:52,151 DEBUG: routes\transactions.py:56 in list_transactions: 'original_amount': float(t.original_amount) if t.original_amount is not None else None, [in C:\Users\mabdelghafar\source\repos\PersonalBanking\backend\app\utils\line_logger.py:18]
2025-07-26 14:17:52,152 DEBUG: routes\transactions.py:57 in list_transactions: 'vat': float(t.vat) if t.vat is not None else None, [in C:\Users\mabdelghafar\source\repos\PersonalBanking\backend\app\utils\line_logger.py:18]
2025-07-26 14:17:52,152 DEBUG: routes\transactions.py:58 in list_transactions: 'total_amount': float(t.total_amount) if t.total_amount is not None else None, [in C:\Users\mabdelghafar\source\repos\PersonalBanking\backend\app\utils\line_logger.py:18]
2025-07-26 14:17:52,152 DEBUG: routes\transactions.py:59 in list_transactions: 'card_number': t.card_number, [in C:\Users\mabdelghafar\source\repos\PersonalBanking\backend\app\utils\line_logger.py:18]
2025-07-26 14:17:52,152 DEBUG: routes\transactions.py:60 in list_transactions: 'currency': t.currency, [in C:\Users\mabdelghafar\source\repos\PersonalBanking\backend\app\utils\line_logger.py:18]
2025-07-26 14:17:52,152 DEBUG: routes\transactions.py:61 in list_transactions: 'is_credit': t.is_credit, [in C:\Users\mabdelghafar\source\repos\PersonalBanking\backend\app\utils\line_logger.py:18]
2025-07-26 14:17:52,153 DEBUG: routes\transactions.py:62 in list_transactions: 'cardholder_id': t.cardholder_id, [in C:\Users\mabdelghafar\source\repos\PersonalBanking\backend\app\utils\line_logger.py:18]
2025-07-26 14:17:52,153 DEBUG: routes\transactions.py:63 in list_transactions: 'cardholder_name': t.cardholder_name, [in C:\Users\mabdelghafar\source\repos\PersonalBanking\backend\app\utils\line_logger.py:18]
2025-07-26 14:17:52,153 DEBUG: routes\transactions.py:64 in list_transactions: 'card_number': t.card_number, [in C:\Users\mabdelghafar\source\repos\PersonalBanking\backend\app\utils\line_logger.py:18]
2025-07-26 14:17:52,153 DEBUG: routes\transactions.py:51 in list_transactions: { [in C:\Users\mabdelghafar\source\repos\PersonalBanking\backend\app\utils\line_logger.py:18]
2025-07-26 14:17:52,153 DEBUG: routes\transactions.py:66 in list_transactions: for t in transactions [in C:\Users\mabdelghafar\source\repos\PersonalBanking\backend\app\utils\line_logger.py:18]
2025-07-26 14:17:52,154 DEBUG: routes\transactions.py:50 in list_transactions: data = [ [in C:\Users\mabdelghafar\source\repos\PersonalBanking\backend\app\utils\line_logger.py:18]
2025-07-26 14:17:52,154 DEBUG: routes\transactions.py:68 in list_transactions: current_app.logger.info('Returning %d transactions', len(data)) [in C:\Users\mabdelghafar\source\repos\PersonalBanking\backend\app\utils\line_logger.py:18]
2025-07-26 14:17:52,154 INFO: Returning 3 transactions [in C:\Users\mabdelghafar\source\repos\PersonalBanking\backend\app\routes\transactions.py:68]
2025-07-26 14:17:52,155 DEBUG: routes\transactions.py:69 in list_transactions: return jsonify(data) [in C:\Users\mabdelghafar\source\repos\PersonalBanking\backend\app\utils\line_logger.py:18]
2025-07-26 14:17:52,156 INFO: 127.0.0.1 - - [26/Jul/2025 14:17:52] "GET /transactions HTTP/1.1" 200 - [in c:\Users\mabdelghafar\source\repos\PersonalBanking\.venv\Lib\site-packages\werkzeug\_internal.py:97]
